Archive member included to satisfy reference by file (symbol)

c:/users/victor/documents/dc/tp1_rv32e/tp1_rv32e/tools/xpack-risc_v/bin/../lib/gcc/riscv-none-elf/12.2.0/rv32e/ilp32e\libgcc.a(div.o)
                              C:\Users\Victor\AppData\Local\Temp\cchtwu0s.o (__udivsi3)

Memory Configuration

Name             Origin             Length             Attributes
RONLY            0x0000000000000000 0x0000000000001c00 xr
RAM              0x0000000000001c00 0x0000000000000400 xrw
*default*        0x0000000000000000 0xffffffffffffffff

Linker script and memory map


.text           0x0000000000000000      0x863
                0x0000000000000000                . = ALIGN (0x4)
 *(.boot)
 .boot          0x0000000000000000        0x4 C:\Users\Victor\AppData\Local\Temp\ccf3bDUR.o
 *(.text)
 .text          0x0000000000000004      0x11c C:\Users\Victor\AppData\Local\Temp\ccf3bDUR.o
                0x0000000000000060                main
                0x00000000000000dc                irq1_handler
                0x0000000000000108                delay_loop
 .text          0x0000000000000120      0x688 C:\Users\Victor\AppData\Local\Temp\cchtwu0s.o
                0x0000000000000120                _putch
                0x00000000000005f8                _puts
                0x000000000000062c                _printf
                0x0000000000000668                _sprintf
                0x00000000000006a0                _getch
                0x00000000000006e4                haschar
                0x0000000000000700                getMEPC
                0x000000000000070c                spixfer
                0x000000000000072c                getw
                0x0000000000000780                _memcpy
 .text          0x00000000000007a8       0xb4 c:/users/victor/documents/dc/tp1_rv32e/tp1_rv32e/tools/xpack-risc_v/bin/../lib/gcc/riscv-none-elf/12.2.0/rv32e/ilp32e\libgcc.a(div.o)
                0x00000000000007a8                __divsi3
                0x00000000000007b0                __udivsi3
                0x00000000000007b0                __hidden___udivsi3
                0x00000000000007f8                __umodsi3
                0x000000000000082c                __modsi3
 *(.text*)
 *(.rodata)
 *(.rodata*)
 .rodata.str1.4
                0x000000000000085c        0x7 C:\Users\Victor\AppData\Local\Temp\cchtwu0s.o
 *(.srodata)
 *(.srodata*)
                0x0000000000000863                _etext = .
                0x0000000000000863                _sidata = _etext

.rela.dyn       0x0000000000000864        0x0
 .rela.text     0x0000000000000864        0x0 C:\Users\Victor\AppData\Local\Temp\ccf3bDUR.o

.data           0x0000000000001c00        0x0 load address 0x0000000000000863
                0x0000000000001c00                . = ALIGN (0x4)
                0x0000000000000863                _sdata_values = LOADADDR (.data)
                0x0000000000001c00                _sdata = .
                0x0000000000001c00                _ram_start = .
                0x0000000000001c00                . = ALIGN (0x4)
 *(.data)
 .data          0x0000000000001c00        0x0 C:\Users\Victor\AppData\Local\Temp\ccf3bDUR.o
 .data          0x0000000000001c00        0x0 C:\Users\Victor\AppData\Local\Temp\cchtwu0s.o
 .data          0x0000000000001c00        0x0 c:/users/victor/documents/dc/tp1_rv32e/tp1_rv32e/tools/xpack-risc_v/bin/../lib/gcc/riscv-none-elf/12.2.0/rv32e/ilp32e\libgcc.a(div.o)
 *(.data*)
 *(.sdata)
 *(.sdata*)
                0x0000000000001c00                . = ALIGN (0x4)
                0x0000000000001c00                _edata = .

.bss            0x0000000000001c00       0x24 load address 0x0000000000000863
                0x0000000000001c00                . = ALIGN (0x4)
                0x0000000000001c00                _sbss = .
 *(.bss)
 .bss           0x0000000000001c00        0x0 C:\Users\Victor\AppData\Local\Temp\ccf3bDUR.o
 .bss           0x0000000000001c00       0x20 C:\Users\Victor\AppData\Local\Temp\cchtwu0s.o
                0x0000000000001c00                udat
 .bss           0x0000000000001c20        0x0 c:/users/victor/documents/dc/tp1_rv32e/tp1_rv32e/tools/xpack-risc_v/bin/../lib/gcc/riscv-none-elf/12.2.0/rv32e/ilp32e\libgcc.a(div.o)
 *(.bss*)
 *(.sbss)
 .sbss          0x0000000000001c20        0x2 C:\Users\Victor\AppData\Local\Temp\cchtwu0s.o
                0x0000000000001c20                wrix
                0x0000000000001c21                rdix
 *(.sbss*)
 *(COMMON)
                0x0000000000001c24                . = ALIGN (0x4)
 *fill*         0x0000000000001c22        0x2 
                0x0000000000001c24                _ebss = .

.heap           0x0000000000001c24        0x0 load address 0x0000000000000863
                0x0000000000001c24                . = ALIGN (0x4)
                0x0000000000001c24                _heap_start = .
LOAD C:\Users\Victor\AppData\Local\Temp\ccf3bDUR.o
LOAD C:\Users\Victor\AppData\Local\Temp\cchtwu0s.o
LOAD c:/users/victor/documents/dc/tp1_rv32e/tp1_rv32e/tools/xpack-risc_v/bin/../lib/gcc/riscv-none-elf/12.2.0/rv32e/ilp32e\libgcc.a
OUTPUT(code.elf elf32-littleriscv)

.riscv.attributes
                0x0000000000000000       0x20
 .riscv.attributes
                0x0000000000000000       0x1e C:\Users\Victor\AppData\Local\Temp\ccf3bDUR.o
 .riscv.attributes
                0x000000000000001e       0x1c C:\Users\Victor\AppData\Local\Temp\cchtwu0s.o
 .riscv.attributes
                0x000000000000003a       0x1a c:/users/victor/documents/dc/tp1_rv32e/tp1_rv32e/tools/xpack-risc_v/bin/../lib/gcc/riscv-none-elf/12.2.0/rv32e/ilp32e\libgcc.a(div.o)

.comment        0x0000000000000000       0x33
 .comment       0x0000000000000000       0x33 C:\Users\Victor\AppData\Local\Temp\cchtwu0s.o
                                         0x34 (size before relaxing)
